Archive member included to satisfy reference by file (symbol)

e:/program files (x86)/stm32cubeide_1.7.0/stm32cubeide/plugins/com.st.stm32cube.ide.mcu.externaltools.gnu-tools-for-stm32.9-2020-q2-update.win32_2.0.0.202105311346/tools/bin/../lib/gcc/arm-none-eabi/9.3.1/../../../../arm-none-eabi/lib/thumb/v7-m/nofp\libc_nano.a(lib_a-errno.o)
                              ./Core/Src/syscalls.o (__errno)
e:/program files (x86)/stm32cubeide_1.7.0/stm32cubeide/plugins/com.st.stm32cube.ide.mcu.externaltools.gnu-tools-for-stm32.9-2020-q2-update.win32_2.0.0.202105311346/tools/bin/../lib/gcc/arm-none-eabi/9.3.1/../../../../arm-none-eabi/lib/thumb/v7-m/nofp\libc_nano.a(lib_a-exit.o)
                              e:/program files (x86)/stm32cubeide_1.7.0/stm32cubeide/plugins/com.st.stm32cube.ide.mcu.externaltools.gnu-tools-for-stm32.9-2020-q2-update.win32_2.0.0.202105311346/tools/bin/../lib/gcc/arm-none-eabi/9.3.1/../../../../arm-none-eabi/lib/thumb/v7-m/nofp/crt0.o (exit)
e:/program files (x86)/stm32cubeide_1.7.0/stm32cubeide/plugins/com.st.stm32cube.ide.mcu.externaltools.gnu-tools-for-stm32.9-2020-q2-update.win32_2.0.0.202105311346/tools/bin/../lib/gcc/arm-none-eabi/9.3.1/../../../../arm-none-eabi/lib/thumb/v7-m/nofp\libc_nano.a(lib_a-impure.o)
                              e:/program files (x86)/stm32cubeide_1.7.0/stm32cubeide/plugins/com.st.stm32cube.ide.mcu.externaltools.gnu-tools-for-stm32.9-2020-q2-update.win32_2.0.0.202105311346/tools/bin/../lib/gcc/arm-none-eabi/9.3.1/../../../../arm-none-eabi/lib/thumb/v7-m/nofp\libc_nano.a(lib_a-exit.o) (_global_impure_ptr)
e:/program files (x86)/stm32cubeide_1.7.0/stm32cubeide/plugins/com.st.stm32cube.ide.mcu.externaltools.gnu-tools-for-stm32.9-2020-q2-update.win32_2.0.0.202105311346/tools/bin/../lib/gcc/arm-none-eabi/9.3.1/../../../../arm-none-eabi/lib/thumb/v7-m/nofp\libc_nano.a(lib_a-init.o)
                              e:/program files (x86)/stm32cubeide_1.7.0/stm32cubeide/plugins/com.st.stm32cube.ide.mcu.externaltools.gnu-tools-for-stm32.9-2020-q2-update.win32_2.0.0.202105311346/tools/bin/../lib/gcc/arm-none-eabi/9.3.1/../../../../arm-none-eabi/lib/thumb/v7-m/nofp/crt0.o (__libc_init_array)
e:/program files (x86)/stm32cubeide_1.7.0/stm32cubeide/plugins/com.st.stm32cube.ide.mcu.externaltools.gnu-tools-for-stm32.9-2020-q2-update.win32_2.0.0.202105311346/tools/bin/../lib/gcc/arm-none-eabi/9.3.1/../../../../arm-none-eabi/lib/thumb/v7-m/nofp\libc_nano.a(lib_a-memset.o)
                              e:/program files (x86)/stm32cubeide_1.7.0/stm32cubeide/plugins/com.st.stm32cube.ide.mcu.externaltools.gnu-tools-for-stm32.9-2020-q2-update.win32_2.0.0.202105311346/tools/bin/../lib/gcc/arm-none-eabi/9.3.1/../../../../arm-none-eabi/lib/thumb/v7-m/nofp/crt0.o (memset)

Allocating common symbols
Common symbol       size              file

uwTick              0x4               ./Drivers/STM32F1xx_HAL_Driver/Src/stm32f1xx_hal.o
pFlash              0x20              ./Drivers/STM32F1xx_HAL_Driver/Src/stm32f1xx_hal_flash.o
htim2               0x48              ./Core/Src/main.o

Discarded input sections

 .text          0x0000000000000000        0x0 e:/program files (x86)/stm32cubeide_1.7.0/stm32cubeide/plugins/com.st.stm32cube.ide.mcu.externaltools.gnu-tools-for-stm32.9-2020-q2-update.win32_2.0.0.202105311346/tools/bin/../lib/gcc/arm-none-eabi/9.3.1/thumb/v7-m/nofp/crti.o
 .data          0x0000000000000000        0x0 e:/program files (x86)/stm32cubeide_1.7.0/stm32cubeide/plugins/com.st.stm32cube.ide.mcu.externaltools.gnu-tools-for-stm32.9-2020-q2-update.win32_2.0.0.202105311346/tools/bin/../lib/gcc/arm-none-eabi/9.3.1/thumb/v7-m/nofp/crti.o
 .bss           0x0000000000000000        0x0 e:/program files (x86)/stm32cubeide_1.7.0/stm32cubeide/plugins/com.st.stm32cube.ide.mcu.externaltools.gnu-tools-for-stm32.9-2020-q2-update.win32_2.0.0.202105311346/tools/bin/../lib/gcc/arm-none-eabi/9.3.1/thumb/v7-m/nofp/crti.o
 .data          0x0000000000000000        0x4 e:/program files (x86)/stm32cubeide_1.7.0/stm32cubeide/plugins/com.st.stm32cube.ide.mcu.externaltools.gnu-tools-for-stm32.9-2020-q2-update.win32_2.0.0.202105311346/tools/bin/../lib/gcc/arm-none-eabi/9.3.1/thumb/v7-m/nofp/crtbegin.o
 .text          0x0000000000000000       0x7c e:/program files (x86)/stm32cubeide_1.7.0/stm32cubeide/plugins/com.st.stm32cube.ide.mcu.externaltools.gnu-tools-for-stm32.9-2020-q2-update.win32_2.0.0.202105311346/tools/bin/../lib/gcc/arm-none-eabi/9.3.1/../../../../arm-none-eabi/lib/thumb/v7-m/nofp/crt0.o
 .data          0x0000000000000000        0x0 e:/program files (x86)/stm32cubeide_1.7.0/stm32cubeide/plugins/com.st.stm32cube.ide.mcu.externaltools.gnu-tools-for-stm32.9-2020-q2-update.win32_2.0.0.202105311346/tools/bin/../lib/gcc/arm-none-eabi/9.3.1/../../../../arm-none-eabi/lib/thumb/v7-m/nofp/crt0.o
[...]
Memory Configuration

Name             Origin             Length             Attributes
RAM              0x0000000020000000 0x0000000000002800 xrw
FLASH            0x0000000008000000 0x0000000000008000 xr
*default*        0x0000000000000000 0xffffffffffffffff

Linker script and memory map

LOAD e:/program files (x86)/stm32cubeide_1.7.0/stm32cubeide/plugins/com.st.stm32cube.ide.mcu.externaltools.gnu-tools-for-stm32.9-2020-q2-update.win32_2.0.0.202105311346/tools/bin/../lib/gcc/arm-none-eabi/9.3.1/thumb/v7-m/nofp/crti.o
LOAD e:/program files (x86)/stm32cubeide_1.7.0/stm32cubeide/plugins/com.st.stm32cube.ide.mcu.externaltools.gnu-tools-for-stm32.9-2020-q2-update.win32_2.0.0.202105311346/tools/bin/../lib/gcc/arm-none-eabi/9.3.1/thumb/v7-m/nofp/crtbegin.o
LOAD e:/program files (x86)/stm32cubeide_1.7.0/stm32cubeide/plugins/com.st.stm32cube.ide.mcu.externaltools.gnu-tools-for-stm32.9-2020-q2-update.win32_2.0.0.202105311346/tools/bin/../lib/gcc/arm-none-eabi/9.3.1/../../../../arm-none-eabi/lib/thumb/v7-m/nofp/crt0.o
LOAD ./Core/Src/counter.o
LOAD ./Core/Src/display.o
LOAD ./Core/Src/display7SEG.o
LOAD ./Core/Src/displayLed.o
LOAD ./Core/Src/fsm_automatic.o
LOAD ./Core/Src/global.o
LOAD ./Core/Src/input_reading.o
LOAD ./Core/Src/main.o
LOAD ./Core/Src/software_timer.o
LOAD ./Core/Src/stm32f1xx_hal_msp.o
LOAD ./Core/Src/stm32f1xx_it.o
LOAD ./Core/Src/syscalls.o
LOAD ./Core/Src/sysmem.o
LOAD ./Core/Src/system_stm32f1xx.o
LOAD ./Core/Src/timer.o
LOAD ./Core/Startup/startup_stm32f103c6ux.o
LOAD ./Drivers/STM32F1xx_HAL_Driver/Src/stm32f1xx_hal.o
LOAD ./Drivers/STM32F1xx_HAL_Driver/Src/stm32f1xx_hal_cortex.o
LOAD ./Drivers/STM32F1xx_HAL_Driver/Src/stm32f1xx_hal_dma.o
LOAD ./Drivers/STM32F1xx_HAL_Driver/Src/stm32f1xx_hal_exti.o
LOAD ./Drivers/STM32F1xx_HAL_Driver/Src/stm32f1xx_hal_flash.o
LOAD ./Drivers/STM32F1xx_HAL_Driver/Src/stm32f1xx_hal_flash_ex.o
LOAD ./Drivers/STM32F1xx_HAL_Driver/Src/stm32f1xx_hal_gpio.o
LOAD ./Drivers/STM32F1xx_HAL_Driver/Src/stm32f1xx_hal_gpio_ex.o
LOAD ./Drivers/STM32F1xx_HAL_Driver/Src/stm32f1xx_hal_pwr.o
LOAD ./Drivers/STM32F1xx_HAL_Driver/Src/stm32f1xx_hal_rcc.o
LOAD ./Drivers/STM32F1xx_HAL_Driver/Src/stm32f1xx_hal_rcc_ex.o
LOAD ./Drivers/STM32F1xx_HAL_Driver/Src/stm32f1xx_hal_tim.o
LOAD ./Drivers/STM32F1xx_HAL_Driver/Src/stm32f1xx_hal_tim_ex.o
START GROUP
LOAD e:/program files (x86)/stm32cubeide_1.7.0/stm32cubeide/plugins/com.st.stm32cube.ide.mcu.externaltools.gnu-tools-for-stm32.9-2020-q2-update.win32_2.0.0.202105311346/tools/bin/../lib/gcc/arm-none-eabi/9.3.1/../../../../arm-none-eabi/lib/thumb/v7-m/nofp\libc_nano.a
LOAD e:/program files (x86)/stm32cubeide_1.7.0/stm32cubeide/plugins/com.st.stm32cube.ide.mcu.externaltools.gnu-tools-for-stm32.9-2020-q2-update.win32_2.0.0.202105311346/tools/bin/../lib/gcc/arm-none-eabi/9.3.1/../../../../arm-none-eabi/lib/thumb/v7-m/nofp\libm.a
END GROUP
START GROUP
LOAD e:/program files (x86)/stm32cubeide_1.7.0/stm32cubeide/plugins/com.st.stm32cube.ide.mcu.externaltools.gnu-tools-for-stm32.9-2020-q2-update.win32_2.0.0.202105311346/tools/bin/../lib/gcc/arm-none-eabi/9.3.1/thumb/v7-m/nofp\libgcc.a
LOAD e:/program files (x86)/stm32cubeide_1.7.0/stm32cubeide/plugins/com.st.stm32cube.ide.mcu.externaltools.gnu-tools-for-stm32.9-2020-q2-update.win32_2.0.0.202105311346/tools/bin/../lib/gcc/arm-none-eabi/9.3.1/../../../../arm-none-eabi/lib/thumb/v7-m/nofp\libc_nano.a
END GROUP
START GROUP
LOAD e:/program files (x86)/stm32cubeide_1.7.0/stm32cubeide/plugins/com.st.stm32cube.ide.mcu.externaltools.gnu-tools-for-stm32.9-2020-q2-update.win32_2.0.0.202105311346/tools/bin/../lib/gcc/arm-none-eabi/9.3.1/thumb/v7-m/nofp\libgcc.a
LOAD e:/program files (x86)/stm32cubeide_1.7.0/stm32cubeide/plugins/com.st.stm32cube.ide.mcu.externaltools.gnu-tools-for-stm32.9-2020-q2-update.win32_2.0.0.202105311346/tools/bin/../lib/gcc/arm-none-eabi/9.3.1/../../../../arm-none-eabi/lib/thumb/v7-m/nofp\libc_nano.a
LOAD e:/program files (x86)/stm32cubeide_1.7.0/stm32cubeide/plugins/com.st.stm32cube.ide.mcu.externaltools.gnu-tools-for-stm32.9-2020-q2-update.win32_2.0.0.202105311346/tools/bin/../lib/gcc/arm-none-eabi/9.3.1/../../../../arm-none-eabi/lib/thumb/v7-m/nofp\libnosys.a
END GROUP
START GROUP
LOAD e:/program files (x86)/stm32cubeide_1.7.0/stm32cubeide/plugins/com.st.stm32cube.ide.mcu.externaltools.gnu-tools-for-stm32.9-2020-q2-update.win32_2.0.0.202105311346/tools/bin/../lib/gcc/arm-none-eabi/9.3.1/thumb/v7-m/nofp\libgcc.a
LOAD e:/program files (x86)/stm32cubeide_1.7.0/stm32cubeide/plugins/com.st.stm32cube.ide.mcu.externaltools.gnu-tools-for-stm32.9-2020-q2-update.win32_2.0.0.202105311346/tools/bin/../lib/gcc/arm-none-eabi/9.3.1/../../../../arm-none-eabi/lib/thumb/v7-m/nofp\libc_nano.a
LOAD e:/program files (x86)/stm32cubeide_1.7.0/stm32cubeide/plugins/com.st.stm32cube.ide.mcu.externaltools.gnu-tools-for-stm32.9-2020-q2-update.win32_2.0.0.202105311346/tools/bin/../lib/gcc/arm-none-eabi/9.3.1/../../../../arm-none-eabi/lib/thumb/v7-m/nofp\libnosys.a
END GROUP
LOAD e:/program files (x86)/stm32cubeide_1.7.0/stm32cubeide/plugins/com.st.stm32cube.ide.mcu.externaltools.gnu-tools-for-stm32.9-2020-q2-update.win32_2.0.0.202105311346/tools/bin/../lib/gcc/arm-none-eabi/9.3.1/thumb/v7-m/nofp/crtend.o
LOAD e:/program files (x86)/stm32cubeide_1.7.0/stm32cubeide/plugins/com.st.stm32cube.ide.mcu.externaltools.gnu-tools-for-stm32.9-2020-q2-update.win32_2.0.0.202105311346/tools/bin/../lib/gcc/arm-none-eabi/9.3.1/thumb/v7-m/nofp/crtn.o
                0x0000000020002800                _estack = (ORIGIN (RAM) + LENGTH (RAM))
                0x0000000000000200                _Min_Heap_Size = 0x200
                0x0000000000000400                _Min_Stack_Size = 0x400

.isr_vector     0x0000000008000000      0x10c
                0x0000000008000000                . = ALIGN (0x4)
 *(.isr_vector)
 .isr_vector    0x0000000008000000      0x10c ./Core/Startup/startup_stm32f103c6ux.o
                0x0000000008000000                g_pfnVectors
                0x000000000800010c                . = ALIGN (0x4)

.text           0x000000000800010c     0x33a8
                0x000000000800010c                . = ALIGN (0x4)
 *(.text)
 .text          0x000000000800010c       0x40 e:/program files (x86)/stm32cubeide_1.7.0/stm32cubeide/plugins/com.st.stm32cube.ide.mcu.externaltools.gnu-tools-for-stm32.9-2020-q2-update.win32_2.0.0.202105311346/tools/bin/../lib/gcc/arm-none-eabi/9.3.1/thumb/v7-m/nofp/crtbegin.o
 *(.text*)
 .text.counter_horizontal
                0x000000000800014c      0x270 ./Core/Src/counter.o
                0x000000000800014c                counter_horizontal
 .text.counter_vertical
                0x00000000080003bc      0x270 ./Core/Src/counter.o
                0x00000000080003bc                counter_vertical
 .text.display  0x000000000800062c      0x364 ./Core/Src/display.o
                0x000000000800062c                display
 .text.display7SEGforMode
                0x0000000008000990      0x218 ./Core/Src/display7SEG.o
                0x0000000008000990                display7SEGforMode
 .text.horizontal_7SEG
                0x0000000008000ba8      0x364 ./Core/Src/display7SEG.o
                0x0000000008000ba8                horizontal_7SEG
 .text.vertical_7SEG
                0x0000000008000f0c      0x364 ./Core/Src/display7SEG.o
                0x0000000008000f0c                vertical_7SEG
 .text.led_horizontal
                0x0000000008001270       0x9c ./Core/Src/displayLed.o
                0x0000000008001270                led_horizontal
 .text.led_vertical
                0x000000000800130c       0x9c ./Core/Src/displayLed.o
                0x000000000800130c                led_vertical
 .text.auto_red
                0x00000000080013a8       0x54 ./Core/Src/displayLed.o
                0x00000000080013a8                auto_red
 .text.auto_yellow
                0x00000000080013fc       0x54 ./Core/Src/displayLed.o
                0x00000000080013fc                auto_yellow
 .text.auto_green
                0x0000000008001450       0x54 ./Core/Src/displayLed.o
                0x0000000008001450                auto_green
 .text.auto_off
                0x00000000080014a4       0x54 ./Core/Src/displayLed.o
                0x00000000080014a4                auto_off
 .text.fsm_mode_run
                0x00000000080014f8       0xcc ./Core/Src/fsm_automatic.o
                0x00000000080014f8                fsm_mode_run
 .text.fsm_button_run
                0x00000000080015c4       0x78 ./Core/Src/fsm_automatic.o
                0x00000000080015c4                fsm_button_run
 .text.isbutton1pressed
                0x000000000800163c       0x24 ./Core/Src/input_reading.o
                0x000000000800163c                isbutton1pressed
 .text.isbutton2pressed
                0x0000000008001660       0x24 ./Core/Src/input_reading.o
                0x0000000008001660                isbutton2pressed
 .text.isbutton3pressed
                0x0000000008001684       0x24 ./Core/Src/input_reading.o
                0x0000000008001684                isbutton3pressed
 .text.subKeybutton1Process
                0x00000000080016a8       0x18 ./Core/Src/input_reading.o
                0x00000000080016a8                subKeybutton1Process
 .text.subKeybutton2Process
                0x00000000080016c0       0x18 ./Core/Src/input_reading.o
                0x00000000080016c0                subKeybutton2Process
 .text.subKeybutton3Process
                0x00000000080016d8       0x18 ./Core/Src/input_reading.o
                0x00000000080016d8                subKeybutton3Process
 .text.getKeyinputButton1
                0x00000000080016f0       0xa8 ./Core/Src/input_reading.o
                0x00000000080016f0                getKeyinputButton1
 .text.getKeyinputButton2
                0x0000000008001798       0xac ./Core/Src/input_reading.o
                0x0000000008001798                getKeyinputButton2
 .text.getKeyinputButton3
                0x0000000008001844       0xac ./Core/Src/input_reading.o
                0x0000000008001844                getKeyinputButton3
 .text.main     0x00000000080018f0       0x68 ./Core/Src/main.o
                0x00000000080018f0                main
 .text.SystemClock_Config
                0x0000000008001958       0x76 ./Core/Src/main.o
                0x0000000008001958                SystemClock_Config
 *fill*         0x00000000080019ce        0x2 
 .text.MX_TIM2_Init
                0x00000000080019d0       0x98 ./Core/Src/main.o
 .text.MX_GPIO_Init
                0x0000000008001a68       0xc8 ./Core/Src/main.o
 .text.HAL_TIM_PeriodElapsedCallback
                0x0000000008001b30       0x20 ./Core/Src/main.o
                0x0000000008001b30                HAL_TIM_PeriodElapsedCallback
 .text.Error_Handler
                0x0000000008001b50        0xa ./Core/Src/main.o
                0x0000000008001b50                Error_Handler
 *fill*         0x0000000008001b5a        0x2 
 .text.setTimer1
                0x0000000008001b5c       0x38 ./Core/Src/software_timer.o
                0x0000000008001b5c                setTimer1
 .text.setTimer2
                0x0000000008001b94       0x38 ./Core/Src/software_timer.o
                0x0000000008001b94                setTimer2
 .text.setTimer3
                0x0000000008001bcc       0x38 ./Core/Src/software_timer.o
                0x0000000008001bcc                setTimer3
 .text.setTimer4
                0x0000000008001c04       0x38 ./Core/Src/software_timer.o
                0x0000000008001c04                setTimer4
 .text.timerRun
                0x0000000008001c3c       0xd4 ./Core/Src/software_timer.o
                0x0000000008001c3c                timerRun
 .text.HAL_MspInit
                0x0000000008001d10       0x64 ./Core/Src/stm32f1xx_hal_msp.o
                0x0000000008001d10                HAL_MspInit
 .text.HAL_TIM_Base_MspInit
                0x0000000008001d74       0x48 ./Core/Src/stm32f1xx_hal_msp.o
                0x0000000008001d74                HAL_TIM_Base_MspInit
 .text.NMI_Handler
                0x0000000008001dbc        0x6 ./Core/Src/stm32f1xx_it.o
                0x0000000008001dbc                NMI_Handler
 .text.HardFault_Handler
                0x0000000008001dc2        0x6 ./Core/Src/stm32f1xx_it.o
                0x0000000008001dc2                HardFault_Handler
 .text.MemManage_Handler
                0x0000000008001dc8        0x6 ./Core/Src/stm32f1xx_it.o
                0x0000000008001dc8                MemManage_Handler
 .text.BusFault_Handler
                0x0000000008001dce        0x6 ./Core/Src/stm32f1xx_it.o
                0x0000000008001dce                BusFault_Handler
 .text.UsageFault_Handler
                0x0000000008001dd4        0x6 ./Core/Src/stm32f1xx_it.o
                0x0000000008001dd4                UsageFault_Handler
 .text.SVC_Handler
                0x0000000008001dda        0xc ./Core/Src/stm32f1xx_it.o
                0x0000000008001dda                SVC_Handler
 .text.DebugMon_Handler
                0x0000000008001de6        0xc ./Core/Src/stm32f1xx_it.o
                0x0000000008001de6                DebugMon_Handler
 .text.PendSV_Handler
                0x0000000008001df2        0xc ./Core/Src/stm32f1xx_it.o
                0x0000000008001df2                PendSV_Handler
 .text.SysTick_Handler
                0x0000000008001dfe        0xc ./Core/Src/stm32f1xx_it.o
                0x0000000008001dfe                SysTick_Handler
 *fill*         0x0000000008001e0a        0x2 
 .text.TIM2_IRQHandler
                0x0000000008001e0c       0x14 ./Core/Src/stm32f1xx_it.o
                0x0000000008001e0c                TIM2_IRQHandler
 .text.SystemInit
                0x0000000008001e20        0xc ./Core/Src/system_stm32f1xx.o
                0x0000000008001e20                SystemInit
 .text.Reset_Handler
                0x0000000008001e2c       0x48 ./Core/Startup/startup_stm32f103c6ux.o
                0x0000000008001e2c                Reset_Handler
 .text.Default_Handler
                0x0000000008001e74        0x2 ./Core/Startup/startup_stm32f103c6ux.o
                0x0000000008001e74                RTC_Alarm_IRQHandler
                0x0000000008001e74                EXTI2_IRQHandler
                0x0000000008001e74                TIM1_CC_IRQHandler
                0x0000000008001e74                PVD_IRQHandler
                0x0000000008001e74                EXTI3_IRQHandler
                0x0000000008001e74                EXTI0_IRQHandler
                0x0000000008001e74                ADC1_2_IRQHandler
                0x0000000008001e74                SPI1_IRQHandler
                0x0000000008001e74                TAMPER_IRQHandler
                0x0000000008001e74                DMA1_Channel4_IRQHandler
                0x0000000008001e74                RTC_IRQHandler
                0x0000000008001e74                DMA1_Channel7_IRQHandler
                0x0000000008001e74                CAN1_RX1_IRQHandler
                0x0000000008001e74                I2C1_EV_IRQHandler
                0x0000000008001e74                DMA1_Channel6_IRQHandler
                0x0000000008001e74                TIM3_IRQHandler
                0x0000000008001e74                RCC_IRQHandler
                0x0000000008001e74                TIM1_TRG_COM_IRQHandler
                0x0000000008001e74                DMA1_Channel1_IRQHandler
                0x0000000008001e74                Default_Handler
                0x0000000008001e74                EXTI15_10_IRQHandler
                0x0000000008001e74                EXTI9_5_IRQHandler
                0x0000000008001e74                DMA1_Channel5_IRQHandler
                0x0000000008001e74                EXTI4_IRQHandler
                0x0000000008001e74                USB_LP_CAN1_RX0_IRQHandler
                0x0000000008001e74                USB_HP_CAN1_TX_IRQHandler
                0x0000000008001e74                DMA1_Channel3_IRQHandler
                0x0000000008001e74                TIM1_UP_IRQHandler
                0x0000000008001e74                WWDG_IRQHandler
                0x0000000008001e74                TIM1_BRK_IRQHandler
                0x0000000008001e74                EXTI1_IRQHandler
                0x0000000008001e74                USART2_IRQHandler
                0x0000000008001e74                DMA1_Channel2_IRQHandler
                0x0000000008001e74                CAN1_SCE_IRQHandler
                0x0000000008001e74                FLASH_IRQHandler
                0x0000000008001e74                USART1_IRQHandler
                0x0000000008001e74                I2C1_ER_IRQHandler
                0x0000000008001e74                USBWakeUp_IRQHandler
 *fill*         0x0000000008001e76        0x2 
 .text.HAL_Init
                0x0000000008001e78       0x2c ./Drivers/STM32F1xx_HAL_Driver/Src/stm32f1xx_hal.o
                0x0000000008001e78                HAL_Init
 .text.HAL_InitTick
                0x0000000008001ea4       0x60 ./Drivers/STM32F1xx_HAL_Driver/Src/stm32f1xx_hal.o
                0x0000000008001ea4                HAL_InitTick
 .text.HAL_IncTick
                0x0000000008001f04       0x24 ./Drivers/STM32F1xx_HAL_Driver/Src/stm32f1xx_hal.o
                0x0000000008001f04                HAL_IncTick
 .text.HAL_GetTick
                0x0000000008001f28       0x14 ./Drivers/STM32F1xx_HAL_Driver/Src/stm32f1xx_hal.o
                0x0000000008001f28                HAL_GetTick
 .text.__NVIC_SetPriorityGrouping
                0x0000000008001f3c       0x48 ./Drivers/STM32F1xx_HAL_Driver/Src/stm32f1xx_hal_cortex.o
 .text.__NVIC_GetPriorityGrouping
                0x0000000008001f84       0x1c ./Drivers/STM32F1xx_HAL_Driver/Src/stm32f1xx_hal_cortex.o
 .text.__NVIC_EnableIRQ
                0x0000000008001fa0       0x38 ./Drivers/STM32F1xx_HAL_Driver/Src/stm32f1xx_hal_cortex.o
 .text.__NVIC_SetPriority
                0x0000000008001fd8       0x54 ./Drivers/STM32F1xx_HAL_Driver/Src/stm32f1xx_hal_cortex.o
 .text.NVIC_EncodePriority
                0x000000000800202c       0x64 ./Drivers/STM32F1xx_HAL_Driver/Src/stm32f1xx_hal_cortex.o
 .text.SysTick_Config
                0x0000000008002090       0x44 ./Drivers/STM32F1xx_HAL_Driver/Src/stm32f1xx_hal_cortex.o
 .text.HAL_NVIC_SetPriorityGrouping
                0x00000000080020d4       0x16 ./Drivers/STM32F1xx_HAL_Driver/Src/stm32f1xx_hal_cortex.o
                0x00000000080020d4                HAL_NVIC_SetPriorityGrouping
 .text.HAL_NVIC_SetPriority
                0x00000000080020ea       0x38 ./Drivers/STM32F1xx_HAL_Driver/Src/stm32f1xx_hal_cortex.o
                0x00000000080020ea                HAL_NVIC_SetPriority
 .text.HAL_NVIC_EnableIRQ
                0x0000000008002122       0x1c ./Drivers/STM32F1xx_HAL_Driver/Src/stm32f1xx_hal_cortex.o
                0x0000000008002122                HAL_NVIC_EnableIRQ
 .text.HAL_SYSTICK_Config
                0x000000000800213e       0x18 ./Drivers/STM32F1xx_HAL_Driver/Src/stm32f1xx_hal_cortex.o
                0x000000000800213e                HAL_SYSTICK_Config
 *fill*         0x0000000008002156        0x2 
 .text.HAL_GPIO_Init
                0x0000000008002158      0x2f4 ./Drivers/STM32F1xx_HAL_Driver/Src/stm32f1xx_hal_gpio.o
                0x0000000008002158                HAL_GPIO_Init
 .text.HAL_GPIO_ReadPin
                0x000000000800244c       0x2e ./Drivers/STM32F1xx_HAL_Driver/Src/stm32f1xx_hal_gpio.o
                0x000000000800244c                HAL_GPIO_ReadPin
 .text.HAL_GPIO_WritePin
                0x000000000800247a       0x30 ./Drivers/STM32F1xx_HAL_Driver/Src/stm32f1xx_hal_gpio.o
                0x000000000800247a                HAL_GPIO_WritePin
 *fill*         0x00000000080024aa        0x2 
 .text.HAL_RCC_OscConfig
                0x00000000080024ac      0x500 ./Drivers/STM32F1xx_HAL_Driver/Src/stm32f1xx_hal_rcc.o
                0x00000000080024ac                HAL_RCC_OscConfig
 .text.HAL_RCC_ClockConfig
                0x00000000080029ac      0x1d4 ./Drivers/STM32F1xx_HAL_Driver/Src/stm32f1xx_hal_rcc.o
                0x00000000080029ac                HAL_RCC_ClockConfig
 .text.HAL_RCC_GetSysClockFreq
                0x0000000008002b80       0xc0 ./Drivers/STM32F1xx_HAL_Driver/Src/stm32f1xx_hal_rcc.o
                0x0000000008002b80                HAL_RCC_GetSysClockFreq
 .text.RCC_Delay
                0x0000000008002c40       0x3c ./Drivers/STM32F1xx_HAL_Driver/Src/stm32f1xx_hal_rcc.o
 .text.HAL_TIM_Base_Init
                0x0000000008002c7c       0x9e ./Drivers/STM32F1xx_HAL_Driver/Src/stm32f1xx_hal_tim.o
                0x0000000008002c7c                HAL_TIM_Base_Init
 *fill*         0x0000000008002d1a        0x2 
 .text.HAL_TIM_Base_Start_IT
                0x0000000008002d1c       0x98 ./Drivers/STM32F1xx_HAL_Driver/Src/stm32f1xx_hal_tim.o
                0x0000000008002d1c                HAL_TIM_Base_Start_IT
 .text.HAL_TIM_IRQHandler
                0x0000000008002db4      0x210 ./Drivers/STM32F1xx_HAL_Driver/Src/stm32f1xx_hal_tim.o
                0x0000000008002db4                HAL_TIM_IRQHandler
 .text.HAL_TIM_ConfigClockSource
                0x0000000008002fc4      0x188 ./Drivers/STM32F1xx_HAL_Driver/Src/stm32f1xx_hal_tim.o
                0x0000000008002fc4                HAL_TIM_ConfigClockSource
 .text.HAL_TIM_OC_DelayElapsedCallback
                0x000000000800314c       0x12 ./Drivers/STM32F1xx_HAL_Driver/Src/stm32f1xx_hal_tim.o
                0x000000000800314c                HAL_TIM_OC_DelayElapsedCallback
 .text.HAL_TIM_IC_CaptureCallback
                0x000000000800315e       0x12 ./Drivers/STM32F1xx_HAL_Driver/Src/stm32f1xx_hal_tim.o
                0x000000000800315e                HAL_TIM_IC_CaptureCallback
 .text.HAL_TIM_PWM_PulseFinishedCallback
                0x0000000008003170       0x12 ./Drivers/STM32F1xx_HAL_Driver/Src/stm32f1xx_hal_tim.o
                0x0000000008003170                HAL_TIM_PWM_PulseFinishedCallback
 .text.HAL_TIM_TriggerCallback
                0x0000000008003182       0x12 ./Drivers/STM32F1xx_HAL_Driver/Src/stm32f1xx_hal_tim.o
                0x0000000008003182                HAL_TIM_TriggerCallback
 .text.TIM_Base_SetConfig
                0x0000000008003194       0xb0 ./Drivers/STM32F1xx_HAL_Driver/Src/stm32f1xx_hal_tim.o
                0x0000000008003194                TIM_Base_SetConfig
 .text.TIM_TI1_ConfigInputStage
                0x0000000008003244       0x5c ./Drivers/STM32F1xx_HAL_Driver/Src/stm32f1xx_hal_tim.o
 .text.TIM_TI2_ConfigInputStage
                0x00000000080032a0       0x5e ./Drivers/STM32F1xx_HAL_Driver/Src/stm32f1xx_hal_tim.o
 .text.TIM_ITRx_SetConfig
                0x00000000080032fe       0x34 ./Drivers/STM32F1xx_HAL_Driver/Src/stm32f1xx_hal_tim.o
 .text.TIM_ETR_SetConfig
                0x0000000008003332       0x3e ./Drivers/STM32F1xx_HAL_Driver/Src/stm32f1xx_hal_tim.o
                0x0000000008003332                TIM_ETR_SetConfig
 .text.HAL_TIMEx_MasterConfigSynchronization
                0x0000000008003370       0xb0 ./Drivers/STM32F1xx_HAL_Driver/Src/stm32f1xx_hal_tim_ex.o
                0x0000000008003370                HAL_TIMEx_MasterConfigSynchronization
 .text.HAL_TIMEx_CommutCallback
                0x0000000008003420       0x12 ./Drivers/STM32F1xx_HAL_Driver/Src/stm32f1xx_hal_tim_ex.o
                0x0000000008003420                HAL_TIMEx_CommutCallback
 .text.HAL_TIMEx_BreakCallback
                0x0000000008003432       0x12 ./Drivers/STM32F1xx_HAL_Driver/Src/stm32f1xx_hal_tim_ex.o
                0x0000000008003432                HAL_TIMEx_BreakCallback
 .text.__libc_init_array
                0x0000000008003444       0x48 e:/program files (x86)/stm32cubeide_1.7.0/stm32cubeide/plugins/com.st.stm32cube.ide.mcu.externaltools.gnu-tools-for-stm32.9-2020-q2-update.win32_2.0.0.202105311346/tools/bin/../lib/gcc/arm-none-eabi/9.3.1/../../../../arm-none-eabi/lib/thumb/v7-m/nofp\libc_nano.a(lib_a-init.o)
                0x0000000008003444                __libc_init_array
 .text.memset   0x000000000800348c       0x10 e:/program files (x86)/stm32cubeide_1.7.0/stm32cubeide/plugins/com.st.stm32cube.ide.mcu.externaltools.gnu-tools-for-stm32.9-2020-q2-update.win32_2.0.0.202105311346/tools/bin/../lib/gcc/arm-none-eabi/9.3.1/../../../../arm-none-eabi/lib/thumb/v7-m/nofp\libc_nano.a(lib_a-memset.o)
                0x000000000800348c                memset
 *(.glue_7)
 .glue_7        0x000000000800349c        0x0 linker stubs
 *(.glue_7t)
 .glue_7t       0x000000000800349c        0x0 linker stubs
 *(.eh_frame)
 .eh_frame      0x000000000800349c        0x0 e:/program files (x86)/stm32cubeide_1.7.0/stm32cubeide/plugins/com.st.stm32cube.ide.mcu.externaltools.gnu-tools-for-stm32.9-2020-q2-update.win32_2.0.0.202105311346/tools/bin/../lib/gcc/arm-none-eabi/9.3.1/thumb/v7-m/nofp/crtbegin.o
 *(.init)
 .init          0x000000000800349c        0x4 e:/program files (x86)/stm32cubeide_1.7.0/stm32cubeide/plugins/com.st.stm32cube.ide.mcu.externaltools.gnu-tools-for-stm32.9-2020-q2-update.win32_2.0.0.202105311346/tools/bin/../lib/gcc/arm-none-eabi/9.3.1/thumb/v7-m/nofp/crti.o
                0x000000000800349c                _init
 .init          0x00000000080034a0        0x8 e:/program files (x86)/stm32cubeide_1.7.0/stm32cubeide/plugins/com.st.stm32cube.ide.mcu.externaltools.gnu-tools-for-stm32.9-2020-q2-update.win32_2.0.0.202105311346/tools/bin/../lib/gcc/arm-none-eabi/9.3.1/thumb/v7-m/nofp/crtn.o
 *(.fini)
 .fini          0x00000000080034a8        0x4 e:/program files (x86)/stm32cubeide_1.7.0/stm32cubeide/plugins/com.st.stm32cube.ide.mcu.externaltools.gnu-tools-for-stm32.9-2020-q2-update.win32_2.0.0.202105311346/tools/bin/../lib/gcc/arm-none-eabi/9.3.1/thumb/v7-m/nofp/crti.o
                0x00000000080034a8                _fini
 .fini          0x00000000080034ac        0x8 e:/program files (x86)/stm32cubeide_1.7.0/stm32cubeide/plugins/com.st.stm32cube.ide.mcu.externaltools.gnu-tools-for-stm32.9-2020-q2-update.win32_2.0.0.202105311346/tools/bin/../lib/gcc/arm-none-eabi/9.3.1/thumb/v7-m/nofp/crtn.o
                0x00000000080034b4                . = ALIGN (0x4)
                0x00000000080034b4                _etext = .

.vfp11_veneer   0x00000000080034b4        0x0
 .vfp11_veneer  0x00000000080034b4        0x0 linker stubs

.v4_bx          0x00000000080034b4        0x0
 .v4_bx         0x00000000080034b4        0x0 linker stubs

.iplt           0x00000000080034b4        0x0
 .iplt          0x00000000080034b4        0x0 e:/program files (x86)/stm32cubeide_1.7.0/stm32cubeide/plugins/com.st.stm32cube.ide.mcu.externaltools.gnu-tools-for-stm32.9-2020-q2-update.win32_2.0.0.202105311346/tools/bin/../lib/gcc/arm-none-eabi/9.3.1/thumb/v7-m/nofp/crtbegin.o

.rodata         0x00000000080034b4       0x20
                0x00000000080034b4                . = ALIGN (0x4)
 *(.rodata)
 .rodata        0x00000000080034b4       0x10 ./Drivers/STM32F1xx_HAL_Driver/Src/stm32f1xx_hal_rcc.o
 *(.rodata*)
 .rodata.AHBPrescTable
                0x00000000080034c4       0x10 ./Core/Src/system_stm32f1xx.o
                0x00000000080034c4                AHBPrescTable
                0x00000000080034d4                . = ALIGN (0x4)

.rel.dyn        0x00000000080034d4        0x0
 .rel.iplt      0x00000000080034d4        0x0 e:/program files (x86)/stm32cubeide_1.7.0/stm32cubeide/plugins/com.st.stm32cube.ide.mcu.externaltools.gnu-tools-for-stm32.9-2020-q2-update.win32_2.0.0.202105311346/tools/bin/../lib/gcc/arm-none-eabi/9.3.1/thumb/v7-m/nofp/crtbegin.o

.ARM.extab      0x00000000080034d4        0x0
                0x00000000080034d4                . = ALIGN (0x4)
 *(.ARM.extab* .gnu.linkonce.armextab.*)
                0x00000000080034d4                . = ALIGN (0x4)

.ARM            0x00000000080034d4        0x0
                0x00000000080034d4                . = ALIGN (0x4)
                0x00000000080034d4                __exidx_start = .
 *(.ARM.exidx*)
                0x00000000080034d4                __exidx_end = .
                0x00000000080034d4                . = ALIGN (0x4)

.preinit_array  0x00000000080034d4        0x0
                0x00000000080034d4                . = ALIGN (0x4)
                0x00000000080034d4                PROVIDE (__preinit_array_start = .)
 *(.preinit_array*)
                0x00000000080034d4                PROVIDE (__preinit_array_end = .)
                0x00000000080034d4                . = ALIGN (0x4)

.init_array     0x00000000080034d4        0x4
                0x00000000080034d4                . = ALIGN (0x4)
                0x00000000080034d4                PROVIDE (__init_array_start = .)
 *(SORT_BY_NAME(.init_array.*))
 *(.init_array*)
 .init_array    0x00000000080034d4        0x4 e:/program files (x86)/stm32cubeide_1.7.0/stm32cubeide/plugins/com.st.stm32cube.ide.mcu.externaltools.gnu-tools-for-stm32.9-2020-q2-update.win32_2.0.0.202105311346/tools/bin/../lib/gcc/arm-none-eabi/9.3.1/thumb/v7-m/nofp/crtbegin.o
                0x00000000080034d8                PROVIDE (__init_array_end = .)
                0x00000000080034d8                . = ALIGN (0x4)

.fini_array     0x00000000080034d8        0x4
                0x00000000080034d8                . = ALIGN (0x4)
                [!provide]                        PROVIDE (__fini_array_start = .)
 *(SORT_BY_NAME(.fini_array.*))
 *(.fini_array*)
 .fini_array    0x00000000080034d8        0x4 e:/program files (x86)/stm32cubeide_1.7.0/stm32cubeide/plugins/com.st.stm32cube.ide.mcu.externaltools.gnu-tools-for-stm32.9-2020-q2-update.win32_2.0.0.202105311346/tools/bin/../lib/gcc/arm-none-eabi/9.3.1/thumb/v7-m/nofp/crtbegin.o
                [!provide]                        PROVIDE (__fini_array_end = .)
                0x00000000080034dc                . = ALIGN (0x4)
                0x00000000080034dc                _sidata = LOADADDR (.data)

.data           0x0000000020000000       0x6c load address 0x00000000080034dc
                0x0000000020000000                . = ALIGN (0x4)
                0x0000000020000000                _sdata = .
 *(.data)
 *(.data*)
 .data.status_vertical
                0x0000000020000000        0x4 ./Core/Src/global.o
                0x0000000020000000                status_vertical
 .data.status_mode
                0x0000000020000004        0x4 ./Core/Src/global.o
                0x0000000020000004                status_mode
 .data.led_buffer
                0x0000000020000008       0x10 ./Core/Src/global.o
                0x0000000020000008                led_buffer
 .data.MAX_RED  0x0000000020000018        0x4 ./Core/Src/global.o
                0x0000000020000018                MAX_RED
 .data.MAX_YELLOW
                0x000000002000001c        0x4 ./Core/Src/global.o
                0x000000002000001c                MAX_YELLOW
 .data.MAX_GREEN
                0x0000000020000020        0x4 ./Core/Src/global.o
                0x0000000020000020                MAX_GREEN
 .data.TimerForKeybutton1Press
                0x0000000020000024        0x4 ./Core/Src/input_reading.o
                0x0000000020000024                TimerForKeybutton1Press
 .data.KeyRegbutton1_0
                0x0000000020000028        0x4 ./Core/Src/input_reading.o
                0x0000000020000028                KeyRegbutton1_0
 .data.KeyRegbutton1_1
                0x000000002000002c        0x4 ./Core/Src/input_reading.o
                0x000000002000002c                KeyRegbutton1_1
 .data.KeyRegbutton1_2
                0x0000000020000030        0x4 ./Core/Src/input_reading.o
                0x0000000020000030                KeyRegbutton1_2
 .data.KeyRegbutton1_3
                0x0000000020000034        0x4 ./Core/Src/input_reading.o
                0x0000000020000034                KeyRegbutton1_3
 .data.TimerForKeybutton2Press
                0x0000000020000038        0x4 ./Core/Src/input_reading.o
                0x0000000020000038                TimerForKeybutton2Press
 .data.KeyRegbutton2_0
                0x000000002000003c        0x4 ./Core/Src/input_reading.o
                0x000000002000003c                KeyRegbutton2_0
 .data.KeyRegbutton2_1
                0x0000000020000040        0x4 ./Core/Src/input_reading.o
                0x0000000020000040                KeyRegbutton2_1
 .data.KeyRegbutton2_2
                0x0000000020000044        0x4 ./Core/Src/input_reading.o
                0x0000000020000044                KeyRegbutton2_2
 .data.KeyRegbutton2_3
                0x0000000020000048        0x4 ./Core/Src/input_reading.o
                0x0000000020000048                KeyRegbutton2_3
 .data.TimerForKeybutton3Press
                0x000000002000004c        0x4 ./Core/Src/input_reading.o
                0x000000002000004c                TimerForKeybutton3Press
 .data.KeyRegbutton3_0
                0x0000000020000050        0x4 ./Core/Src/input_reading.o
                0x0000000020000050                KeyRegbutton3_0
 .data.KeyRegbutton3_1
                0x0000000020000054        0x4 ./Core/Src/input_reading.o
                0x0000000020000054                KeyRegbutton3_1
 .data.KeyRegbutton3_2
                0x0000000020000058        0x4 ./Core/Src/input_reading.o
                0x0000000020000058                KeyRegbutton3_2
 .data.KeyRegbutton3_3
                0x000000002000005c        0x4 ./Core/Src/input_reading.o
                0x000000002000005c                KeyRegbutton3_3
 .data.SystemCoreClock
                0x0000000020000060        0x4 ./Core/Src/system_stm32f1xx.o
                0x0000000020000060                SystemCoreClock
 .data.uwTickPrio
                0x0000000020000064        0x4 ./Drivers/STM32F1xx_HAL_Driver/Src/stm32f1xx_hal.o
                0x0000000020000064                uwTickPrio
 .data.uwTickFreq
                0x0000000020000068        0x1 ./Drivers/STM32F1xx_HAL_Driver/Src/stm32f1xx_hal.o
                0x0000000020000068                uwTickFreq
 *(.RamFunc)
 *(.RamFunc*)
                0x000000002000006c                . = ALIGN (0x4)
 *fill*         0x0000000020000069        0x3 
                0x000000002000006c                _edata = .

.igot.plt       0x000000002000006c        0x0 load address 0x0000000008003548
 .igot.plt      0x000000002000006c        0x0 e:/program files (x86)/stm32cubeide_1.7.0/stm32cubeide/plugins/com.st.stm32cube.ide.mcu.externaltools.gnu-tools-for-stm32.9-2020-q2-update.win32_2.0.0.202105311346/tools/bin/../lib/gcc/arm-none-eabi/9.3.1/thumb/v7-m/nofp/crtbegin.o
                0x000000002000006c                . = ALIGN (0x4)

.bss            0x000000002000006c       0xb4 load address 0x0000000008003548
                0x000000002000006c                _sbss = .
                0x000000002000006c                __bss_start__ = _sbss
 *(.bss)
 .bss           0x000000002000006c       0x1c e:/program files (x86)/stm32cubeide_1.7.0/stm32cubeide/plugins/com.st.stm32cube.ide.mcu.externaltools.gnu-tools-for-stm32.9-2020-q2-update.win32_2.0.0.202105311346/tools/bin/../lib/gcc/arm-none-eabi/9.3.1/thumb/v7-m/nofp/crtbegin.o
 *(.bss*)
 .bss.convert_counter
                0x0000000020000088        0x4 ./Core/Src/counter.o
                0x0000000020000088                convert_counter
 .bss.convert_counter2
                0x000000002000008c        0x4 ./Core/Src/counter.o
                0x000000002000008c                convert_counter2
 .bss.status_horizontal
                0x0000000020000090        0x4 ./Core/Src/global.o
                0x0000000020000090                status_horizontal
 .bss.convert_flag
                0x0000000020000094        0x4 ./Core/Src/global.o
                0x0000000020000094                convert_flag
 .bss.convert_led_horizontal
                0x0000000020000098        0x4 ./Core/Src/global.o
                0x0000000020000098                convert_led_horizontal
 .bss.convert_led_vertical
                0x000000002000009c        0x4 ./Core/Src/global.o
                0x000000002000009c                convert_led_vertical
 .bss.button1_flag
                0x00000000200000a0        0x4 ./Core/Src/input_reading.o
                0x00000000200000a0                button1_flag
 .bss.button2_flag
                0x00000000200000a4        0x4 ./Core/Src/input_reading.o
                0x00000000200000a4                button2_flag
 .bss.button3_flag
                0x00000000200000a8        0x4 ./Core/Src/input_reading.o
                0x00000000200000a8                button3_flag
 .bss.timer1_counter
                0x00000000200000ac        0x4 ./Core/Src/software_timer.o
                0x00000000200000ac                timer1_counter
 .bss.timer1_flag
                0x00000000200000b0        0x4 ./Core/Src/software_timer.o
                0x00000000200000b0                timer1_flag
 .bss.timer2_counter
                0x00000000200000b4        0x4 ./Core/Src/software_timer.o
                0x00000000200000b4                timer2_counter
 .bss.timer2_flag
                0x00000000200000b8        0x4 ./Core/Src/software_timer.o
                0x00000000200000b8                timer2_flag
 .bss.timer3_counter
                0x00000000200000bc        0x4 ./Core/Src/software_timer.o
                0x00000000200000bc                timer3_counter
 .bss.timer3_flag
                0x00000000200000c0        0x4 ./Core/Src/software_timer.o
                0x00000000200000c0                timer3_flag
 .bss.timer4_counter
                0x00000000200000c4        0x4 ./Core/Src/software_timer.o
                0x00000000200000c4                timer4_counter
 .bss.timer4_flag
                0x00000000200000c8        0x4 ./Core/Src/software_timer.o
                0x00000000200000c8                timer4_flag
 .bss.timerLED_counter
                0x00000000200000cc        0x4 ./Core/Src/software_timer.o
                0x00000000200000cc                timerLED_counter
 .bss.timerLED_flag
                0x00000000200000d0        0x4 ./Core/Src/software_timer.o
                0x00000000200000d0                timerLED_flag
 *(COMMON)
 COMMON         0x00000000200000d4       0x48 ./Core/Src/main.o
                0x00000000200000d4                htim2
 COMMON         0x000000002000011c        0x4 ./Drivers/STM32F1xx_HAL_Driver/Src/stm32f1xx_hal.o
                0x000000002000011c                uwTick
                0x0000000020000120                . = ALIGN (0x4)
                0x0000000020000120                _ebss = .
                0x0000000020000120                __bss_end__ = _ebss

._user_heap_stack
                0x0000000020000120      0x600 load address 0x0000000008003548
                0x0000000020000120                . = ALIGN (0x8)
                [!provide]                        PROVIDE (end = .)
                0x0000000020000120                PROVIDE (_end = .)
                0x0000000020000320                . = (. + _Min_Heap_Size)
 *fill*         0x0000000020000120      0x200 
                0x0000000020000720                . = (. + _Min_Stack_Size)
 *fill*         0x0000000020000320      0x400 
                0x0000000020000720                . = ALIGN (0x8)

/DISCARD/
 libc.a(*)
 libm.a(*)
 libgcc.a(*)

.ARM.attributes
                0x0000000000000000       0x29
 *(.ARM.attributes)
 .ARM.attributes
                0x0000000000000000       0x1d e:/program files (x86)/stm32cubeide_1.7.0/stm32cubeide/plugins/com.st.stm32cube.ide.mcu.externaltools.gnu-tools-for-stm32.9-2020-q2-update.win32_2.0.0.202105311346/tools/bin/../lib/gcc/arm-none-eabi/9.3.1/thumb/v7-m/nofp/crti.o
 .ARM.attributes
                0x000000000000001d       0x2d e:/program files (x86)/stm32cubeide_1.7.0/stm32cubeide/plugins/com.st.stm32cube.ide.mcu.externaltools.gnu-tools-for-stm32.9-2020-q2-update.win32_2.0.0.202105311346/tools/bin/../lib/gcc/arm-none-eabi/9.3.1/thumb/v7-m/nofp/crtbegin.o
 .ARM.attributes
                0x000000000000004a       0x2d ./Core/Src/counter.o
 .ARM.attributes
                0x0000000000000077       0x2d ./Core/Src/display.o
 .ARM.attributes
                0x00000000000000a4       0x2d ./Core/Src/display7SEG.o
 .ARM.attributes
                0x00000000000000d1       0x2d ./Core/Src/displayLed.o
 .ARM.attributes
                0x00000000000000fe       0x2d ./Core/Src/fsm_automatic.o
 .ARM.attributes
                0x000000000000012b       0x33 ./Core/Src/global.o
 .ARM.attributes
                0x000000000000015e       0x2d ./Core/Src/input_reading.o
 .ARM.attributes
                0x000000000000018b       0x2d ./Core/Src/main.o
 .ARM.attributes
                0x00000000000001b8       0x2d ./Core/Src/software_timer.o
 .ARM.attributes
                0x00000000000001e5       0x2d ./Core/Src/stm32f1xx_hal_msp.o
 .ARM.attributes
                0x0000000000000212       0x2d ./Core/Src/stm32f1xx_it.o
 .ARM.attributes
                0x000000000000023f       0x2d ./Core/Src/system_stm32f1xx.o
 .ARM.attributes
                0x000000000000026c       0x21 ./Core/Startup/startup_stm32f103c6ux.o
 .ARM.attributes
                0x000000000000028d       0x2d ./Drivers/STM32F1xx_HAL_Driver/Src/stm32f1xx_hal.o
 .ARM.attributes
                0x00000000000002ba       0x2d ./Drivers/STM32F1xx_HAL_Driver/Src/stm32f1xx_hal_cortex.o
 .ARM.attributes
                0x00000000000002e7       0x2d ./Drivers/STM32F1xx_HAL_Driver/Src/stm32f1xx_hal_gpio.o
 .ARM.attributes
                0x0000000000000314       0x2d ./Drivers/STM32F1xx_HAL_Driver/Src/stm32f1xx_hal_rcc.o
 .ARM.attributes
                0x0000000000000341       0x2d ./Drivers/STM32F1xx_HAL_Driver/Src/stm32f1xx_hal_tim.o
 .ARM.attributes
                0x000000000000036e       0x2d ./Drivers/STM32F1xx_HAL_Driver/Src/stm32f1xx_hal_tim_ex.o
 .ARM.attributes
                0x000000000000039b       0x2d e:/program files (x86)/stm32cubeide_1.7.0/stm32cubeide/plugins/com.st.stm32cube.ide.mcu.externaltools.gnu-tools-for-stm32.9-2020-q2-update.win32_2.0.0.202105311346/tools/bin/../lib/gcc/arm-none-eabi/9.3.1/../../../../arm-none-eabi/lib/thumb/v7-m/nofp\libc_nano.a(lib_a-init.o)
 .ARM.attributes
                0x00000000000003c8       0x2d e:/program files (x86)/stm32cubeide_1.7.0/stm32cubeide/plugins/com.st.stm32cube.ide.mcu.externaltools.gnu-tools-for-stm32.9-2020-q2-update.win32_2.0.0.202105311346/tools/bin/../lib/gcc/arm-none-eabi/9.3.1/../../../../arm-none-eabi/lib/thumb/v7-m/nofp\libc_nano.a(lib_a-memset.o)
 .ARM.attributes
                0x00000000000003f5       0x1d e:/program files (x86)/stm32cubeide_1.7.0/stm32cubeide/plugins/com.st.stm32cube.ide.mcu.externaltools.gnu-tools-for-stm32.9-2020-q2-update.win32_2.0.0.202105311346/tools/bin/../lib/gcc/arm-none-eabi/9.3.1/thumb/v7-m/nofp/crtn.o
OUTPUT(lab3.elf elf32-littlearm)
LOAD linker stubs
LOAD e:/program files (x86)/stm32cubeide_1.7.0/stm32cubeide/plugins/com.st.stm32cube.ide.mcu.externaltools.gnu-tools-for-stm32.9-2020-q2-update.win32_2.0.0.202105311346/tools/bin/../lib/gcc/arm-none-eabi/9.3.1/../../../../arm-none-eabi/lib/thumb/v7-m/nofp\libc.a
LOAD e:/program files (x86)/stm32cubeide_1.7.0/stm32cubeide/plugins/com.st.stm32cube.ide.mcu.externaltools.gnu-tools-for-stm32.9-2020-q2-update.win32_2.0.0.202105311346/tools/bin/../lib/gcc/arm-none-eabi/9.3.1/../../../../arm-none-eabi/lib/thumb/v7-m/nofp\libm.a
LOAD e:/program files (x86)/stm32cubeide_1.7.0/stm32cubeide/plugins/com.st.stm32cube.ide.mcu.externaltools.gnu-tools-for-stm32.9-2020-q2-update.win32_2.0.0.202105311346/tools/bin/../lib/gcc/arm-none-eabi/9.3.1/thumb/v7-m/nofp\libgcc.a

.debug_info     0x0000000000000000     0x9fcc
 .debug_info    0x0000000000000000      0x2e0 ./Core/Src/counter.o
 .debug_info    0x00000000000002e0      0x357 ./Core/Src/display.o
 .debug_info    0x0000000000000637      0x3d1 ./Core/Src/display7SEG.o
 .debug_info    0x0000000000000a08      0x3b1 ./Core/Src/displayLed.o
 .debug_info    0x0000000000000db9      0x2bc ./Core/Src/fsm_automatic.o
 .debug_info    0x0000000000001075      0x32a ./Core/Src/global.o
 .debug_info    0x000000000000139f      0x549 ./Core/Src/input_reading.o
 .debug_info    0x00000000000018e8      0xcaa ./Core/Src/main.o
 .debug_info    0x0000000000002592      0x3ef ./Core/Src/software_timer.o
 .debug_info    0x0000000000002981      0xa04 ./Core/Src/stm32f1xx_hal_msp.o
 .debug_info    0x0000000000003385      0x7b4 ./Core/Src/stm32f1xx_it.o
 .debug_info    0x0000000000003b39      0x2be ./Core/Src/system_stm32f1xx.o
 .debug_info    0x0000000000003df7       0x22 ./Core/Startup/startup_stm32f103c6ux.o
 .debug_info    0x0000000000003e19      0x74c ./Drivers/STM32F1xx_HAL_Driver/Src/stm32f1xx_hal.o
 .debug_info    0x0000000000004565      0xbbe ./Drivers/STM32F1xx_HAL_Driver/Src/stm32f1xx_hal_cortex.o
 .debug_info    0x0000000000005123      0x701 ./Drivers/STM32F1xx_HAL_Driver/Src/stm32f1xx_hal_gpio.o
 .debug_info    0x0000000000005824      0x88e ./Drivers/STM32F1xx_HAL_Driver/Src/stm32f1xx_hal_rcc.o
 .debug_info    0x00000000000060b2     0x2a45 ./Drivers/STM32F1xx_HAL_Driver/Src/stm32f1xx_hal_tim.o
 .debug_info    0x0000000000008af7     0x14d5 ./Drivers/STM32F1xx_HAL_Driver/Src/stm32f1xx_hal_tim_ex.o

.debug_abbrev   0x0000000000000000     0x1c93
 .debug_abbrev  0x0000000000000000       0xc9 ./Core/Src/counter.o
 .debug_abbrev  0x00000000000000c9       0xff ./Core/Src/display.o
 .debug_abbrev  0x00000000000001c8      0x12e ./Core/Src/display7SEG.o
 .debug_abbrev  0x00000000000002f6       0xf6 ./Core/Src/displayLed.o
 .debug_abbrev  0x00000000000003ec       0xb6 ./Core/Src/fsm_automatic.o
 .debug_abbrev  0x00000000000004a2       0xa9 ./Core/Src/global.o
 .debug_abbrev  0x000000000000054b      0x13b ./Core/Src/input_reading.o
 .debug_abbrev  0x0000000000000686      0x248 ./Core/Src/main.o
 .debug_abbrev  0x00000000000008ce      0x119 ./Core/Src/software_timer.o
 .debug_abbrev  0x00000000000009e7      0x1b7 ./Core/Src/stm32f1xx_hal_msp.o
 .debug_abbrev  0x0000000000000b9e      0x176 ./Core/Src/stm32f1xx_it.o
 .debug_abbrev  0x0000000000000d14      0x14e ./Core/Src/system_stm32f1xx.o
 .debug_abbrev  0x0000000000000e62       0x12 ./Core/Startup/startup_stm32f103c6ux.o
 .debug_abbrev  0x0000000000000e74      0x1ed ./Drivers/STM32F1xx_HAL_Driver/Src/stm32f1xx_hal.o
 .debug_abbrev  0x0000000000001061      0x313 ./Drivers/STM32F1xx_HAL_Driver/Src/stm32f1xx_hal_cortex.o
 .debug_abbrev  0x0000000000001374      0x1e8 ./Drivers/STM32F1xx_HAL_Driver/Src/stm32f1xx_hal_gpio.o
 .debug_abbrev  0x000000000000155c      0x273 ./Drivers/STM32F1xx_HAL_Driver/Src/stm32f1xx_hal_rcc.o
 .debug_abbrev  0x00000000000017cf      0x25e ./Drivers/STM32F1xx_HAL_Driver/Src/stm32f1xx_hal_tim.o
 .debug_abbrev  0x0000000000001a2d      0x266 ./Drivers/STM32F1xx_HAL_Driver/Src/stm32f1xx_hal_tim_ex.o

.debug_aranges  0x0000000000000000      0xae0
 .debug_aranges
                0x0000000000000000       0x28 ./Core/Src/counter.o
 .debug_aranges
                0x0000000000000028       0x20 ./Core/Src/display.o
 .debug_aranges
                0x0000000000000048       0x30 ./Core/Src/display7SEG.o
 .debug_aranges
                0x0000000000000078       0x48 ./Core/Src/displayLed.o
 .debug_aranges
                0x00000000000000c0       0x28 ./Core/Src/fsm_automatic.o
 .debug_aranges
                0x00000000000000e8       0x18 ./Core/Src/global.o
 .debug_aranges
                0x0000000000000100       0x68 ./Core/Src/input_reading.o
 .debug_aranges
                0x0000000000000168       0x48 ./Core/Src/main.o
 .debug_aranges
                0x00000000000001b0       0x48 ./Core/Src/software_timer.o
 .debug_aranges
                0x00000000000001f8       0x30 ./Core/Src/stm32f1xx_hal_msp.o
 .debug_aranges
                0x0000000000000228       0x68 ./Core/Src/stm32f1xx_it.o
 .debug_aranges
                0x0000000000000290       0x28 ./Core/Src/system_stm32f1xx.o
 .debug_aranges
                0x00000000000002b8       0x28 ./Core/Startup/startup_stm32f103c6ux.o
 .debug_aranges
                0x00000000000002e0       0xe0 ./Drivers/STM32F1xx_HAL_Driver/Src/stm32f1xx_hal.o
 .debug_aranges
                0x00000000000003c0      0x100 ./Drivers/STM32F1xx_HAL_Driver/Src/stm32f1xx_hal_cortex.o
 .debug_aranges
                0x00000000000004c0       0x58 ./Drivers/STM32F1xx_HAL_Driver/Src/stm32f1xx_hal_gpio.o
 .debug_aranges
                0x0000000000000518       0x90 ./Drivers/STM32F1xx_HAL_Driver/Src/stm32f1xx_hal_rcc.o
 .debug_aranges
                0x00000000000005a8      0x3d0 ./Drivers/STM32F1xx_HAL_Driver/Src/stm32f1xx_hal_tim.o
 .debug_aranges
                0x0000000000000978      0x168 ./Drivers/STM32F1xx_HAL_Driver/Src/stm32f1xx_hal_tim_ex.o

.debug_ranges   0x0000000000000000      0x9b0
 .debug_ranges  0x0000000000000000       0x18 ./Core/Src/counter.o
 .debug_ranges  0x0000000000000018       0x10 ./Core/Src/display.o
 .debug_ranges  0x0000000000000028       0x20 ./Core/Src/display7SEG.o
 .debug_ranges  0x0000000000000048       0x38 ./Core/Src/displayLed.o
 .debug_ranges  0x0000000000000080       0x18 ./Core/Src/fsm_automatic.o
 .debug_ranges  0x0000000000000098       0x58 ./Core/Src/input_reading.o
 .debug_ranges  0x00000000000000f0       0x38 ./Core/Src/main.o
 .debug_ranges  0x0000000000000128       0x38 ./Core/Src/software_timer.o
 .debug_ranges  0x0000000000000160       0x20 ./Core/Src/stm32f1xx_hal_msp.o
 .debug_ranges  0x0000000000000180       0x58 ./Core/Src/stm32f1xx_it.o
 .debug_ranges  0x00000000000001d8       0x18 ./Core/Src/system_stm32f1xx.o
 .debug_ranges  0x00000000000001f0       0x20 ./Core/Startup/startup_stm32f103c6ux.o
 .debug_ranges  0x0000000000000210       0xd0 ./Drivers/STM32F1xx_HAL_Driver/Src/stm32f1xx_hal.o
 .debug_ranges  0x00000000000002e0       0xf0 ./Drivers/STM32F1xx_HAL_Driver/Src/stm32f1xx_hal_cortex.o
 .debug_ranges  0x00000000000003d0       0x48 ./Drivers/STM32F1xx_HAL_Driver/Src/stm32f1xx_hal_gpio.o
 .debug_ranges  0x0000000000000418       0x80 ./Drivers/STM32F1xx_HAL_Driver/Src/stm32f1xx_hal_rcc.o
 .debug_ranges  0x0000000000000498      0x3c0 ./Drivers/STM32F1xx_HAL_Driver/Src/stm32f1xx_hal_tim.o
 .debug_ranges  0x0000000000000858      0x158 ./Drivers/STM32F1xx_HAL_Driver/Src/stm32f1xx_hal_tim_ex.o

.debug_macro    0x0000000000000000    0x17427
 .debug_macro   0x0000000000000000      0x204 ./Core/Src/counter.o
 .debug_macro   0x0000000000000204      0xa9c ./Core/Src/counter.o
 .debug_macro   0x0000000000000ca0      0x215 ./Core/Src/counter.o
 .debug_macro   0x0000000000000eb5       0x2e ./Core/Src/counter.o
 .debug_macro   0x0000000000000ee3       0x22 ./Core/Src/counter.o
 .debug_macro   0x0000000000000f05       0x22 ./Core/Src/counter.o
 .debug_macro   0x0000000000000f27       0x8e ./Core/Src/counter.o
 .debug_macro   0x0000000000000fb5       0x51 ./Core/Src/counter.o
 .debug_macro   0x0000000000001006      0x103 ./Core/Src/counter.o
 .debug_macro   0x0000000000001109       0x6a ./Core/Src/counter.o
 .debug_macro   0x0000000000001173      0x1df ./Core/Src/counter.o
 .debug_macro   0x0000000000001352       0x1c ./Core/Src/counter.o
 .debug_macro   0x000000000000136e       0x22 ./Core/Src/counter.o
 .debug_macro   0x0000000000001390       0xc3 ./Core/Src/counter.o
 .debug_macro   0x0000000000001453      0xd23 ./Core/Src/counter.o
 .debug_macro   0x0000000000002176     0xde75 ./Core/Src/counter.o
 .debug_macro   0x000000000000ffeb       0x6d ./Core/Src/counter.o
 .debug_macro   0x0000000000010058     0x3468 ./Core/Src/counter.o
 .debug_macro   0x00000000000134c0      0x174 ./Core/Src/counter.o
 .debug_macro   0x0000000000013634       0x5c ./Core/Src/counter.o
 .debug_macro   0x0000000000013690      0x5be ./Core/Src/counter.o
 .debug_macro   0x0000000000013c4e      0x1b7 ./Core/Src/counter.o
 .debug_macro   0x0000000000013e05      0x1cb ./Core/Src/counter.o
 .debug_macro   0x0000000000013fd0      0x114 ./Core/Src/counter.o
 .debug_macro   0x00000000000140e4      0x1b2 ./Core/Src/counter.o
 .debug_macro   0x0000000000014296       0x27 ./Core/Src/counter.o
 .debug_macro   0x00000000000142bd      0x12f ./Core/Src/counter.o
 .debug_macro   0x00000000000143ec      0x1bc ./Core/Src/counter.o
 .debug_macro   0x00000000000145a8       0x34 ./Core/Src/counter.o
 .debug_macro   0x00000000000145dc       0x3c ./Core/Src/counter.o
 .debug_macro   0x0000000000014618       0x57 ./Core/Src/counter.o
 .debug_macro   0x000000000001466f       0x88 ./Core/Src/counter.o
 .debug_macro   0x00000000000146f7      0x183 ./Core/Src/counter.o
 .debug_macro   0x000000000001487a      0x141 ./Core/Src/counter.o
 .debug_macro   0x00000000000149bb      0x8d1 ./Core/Src/counter.o
 .debug_macro   0x000000000001528c       0x69 ./Core/Src/counter.o
 .debug_macro   0x00000000000152f5      0x184 ./Core/Src/counter.o
 .debug_macro   0x0000000000015479       0x4c ./Core/Src/counter.o
 .debug_macro   0x00000000000154c5      0x204 ./Core/Src/display.o
 .debug_macro   0x00000000000156c9      0x208 ./Core/Src/display7SEG.o
 .debug_macro   0x00000000000158d1      0x204 ./Core/Src/displayLed.o
 .debug_macro   0x0000000000015ad5      0x208 ./Core/Src/fsm_automatic.o
 .debug_macro   0x0000000000015cdd      0x200 ./Core/Src/global.o
 .debug_macro   0x0000000000015edd      0x208 ./Core/Src/input_reading.o
 .debug_macro   0x00000000000160e5      0x210 ./Core/Src/main.o
 .debug_macro   0x00000000000162f5      0x210 ./Core/Src/software_timer.o
 .debug_macro   0x0000000000016505      0x1a7 ./Core/Src/stm32f1xx_hal_msp.o
 .debug_macro   0x00000000000166ac      0x1b1 ./Core/Src/stm32f1xx_it.o
 .debug_macro   0x000000000001685d      0x198 ./Core/Src/system_stm32f1xx.o
 .debug_macro   0x00000000000169f5      0x1bc ./Drivers/STM32F1xx_HAL_Driver/Src/stm32f1xx_hal.o
 .debug_macro   0x0000000000016bb1      0x198 ./Drivers/STM32F1xx_HAL_Driver/Src/stm32f1xx_hal_cortex.o
 .debug_macro   0x0000000000016d49      0x203 ./Drivers/STM32F1xx_HAL_Driver/Src/stm32f1xx_hal_gpio.o
 .debug_macro   0x0000000000016f4c      0x1aa ./Drivers/STM32F1xx_HAL_Driver/Src/stm32f1xx_hal_rcc.o
 .debug_macro   0x00000000000170f6      0x199 ./Drivers/STM32F1xx_HAL_Driver/Src/stm32f1xx_hal_tim.o
 .debug_macro   0x000000000001728f      0x198 ./Drivers/STM32F1xx_HAL_Driver/Src/stm32f1xx_hal_tim_ex.o

.debug_line     0x0000000000000000     0xda92
 .debug_line    0x0000000000000000      0x9fd ./Core/Src/counter.o
 .debug_line    0x00000000000009fd      0x831 ./Core/Src/display.o
 .debug_line    0x000000000000122e      0x8c7 ./Core/Src/display7SEG.o
 .debug_line    0x0000000000001af5      0x802 ./Core/Src/displayLed.o
 .debug_line    0x00000000000022f7      0x7e0 ./Core/Src/fsm_automatic.o
 .debug_line    0x0000000000002ad7      0x735 ./Core/Src/global.o
 .debug_line    0x000000000000320c      0x931 ./Core/Src/input_reading.o
 .debug_line    0x0000000000003b3d      0x899 ./Core/Src/main.o
 .debug_line    0x00000000000043d6      0x83c ./Core/Src/software_timer.o
 .debug_line    0x0000000000004c12      0x714 ./Core/Src/stm32f1xx_hal_msp.o
 .debug_line    0x0000000000005326      0x7b2 ./Core/Src/stm32f1xx_it.o
 .debug_line    0x0000000000005ad8      0x756 ./Core/Src/system_stm32f1xx.o
 .debug_line    0x000000000000622e       0x87 ./Core/Startup/startup_stm32f103c6ux.o
 .debug_line    0x00000000000062b5      0x983 ./Drivers/STM32F1xx_HAL_Driver/Src/stm32f1xx_hal.o
 .debug_line    0x0000000000006c38      0xb6b ./Drivers/STM32F1xx_HAL_Driver/Src/stm32f1xx_hal_cortex.o
 .debug_line    0x00000000000077a3      0xa04 ./Drivers/STM32F1xx_HAL_Driver/Src/stm32f1xx_hal_gpio.o
 .debug_line    0x00000000000081a7      0xd91 ./Drivers/STM32F1xx_HAL_Driver/Src/stm32f1xx_hal_rcc.o
 .debug_line    0x0000000000008f38     0x32e1 ./Drivers/STM32F1xx_HAL_Driver/Src/stm32f1xx_hal_tim.o
 .debug_line    0x000000000000c219     0x1879 ./Drivers/STM32F1xx_HAL_Driver/Src/stm32f1xx_hal_tim_ex.o

.debug_str      0x0000000000000000    0x82718
 .debug_str     0x0000000000000000    0x7fa5d ./Core/Src/counter.o
                                      0x7fd91 (size before relaxing)
 .debug_str     0x000000000007fa5d       0x40 ./Core/Src/display.o
                                      0x7fd85 (size before relaxing)
 .debug_str     0x000000000007fa9d       0x51 ./Core/Src/display7SEG.o
                                      0x7fde1 (size before relaxing)
 .debug_str     0x000000000007faee       0x42 ./Core/Src/displayLed.o
                                      0x7fddb (size before relaxing)
 .debug_str     0x000000000007fb30       0x38 ./Core/Src/fsm_automatic.o
                                      0x7fd6e (size before relaxing)
 .debug_str     0x000000000007fb68       0x15 ./Core/Src/global.o
                                      0x7fd4b (size before relaxing)
 .debug_str     0x000000000007fb7d      0x204 ./Core/Src/input_reading.o
                                      0x7ff81 (size before relaxing)
 .debug_str     0x000000000007fd81      0x6df ./Core/Src/main.o
                                      0x8050c (size before relaxing)
 .debug_str     0x0000000000080460       0x76 ./Core/Src/software_timer.o
                                      0x7fdac (size before relaxing)
 .debug_str     0x00000000000804d6      0x2ba ./Core/Src/stm32f1xx_hal_msp.o
                                      0x802f5 (size before relaxing)
 .debug_str     0x0000000000080790       0xcd ./Core/Src/stm32f1xx_it.o
                                      0x80057 (size before relaxing)
 .debug_str     0x000000000008085d       0x52 ./Core/Src/system_stm32f1xx.o
                                      0x7f4ed (size before relaxing)
 .debug_str     0x00000000000808af       0x36 ./Core/Startup/startup_stm32f103c6ux.o
                                         0x58 (size before relaxing)
 .debug_str     0x00000000000808e5      0x304 ./Drivers/STM32F1xx_HAL_Driver/Src/stm32f1xx_hal.o
                                      0x7fb44 (size before relaxing)
 .debug_str     0x0000000000080be9      0x300 ./Drivers/STM32F1xx_HAL_Driver/Src/stm32f1xx_hal_cortex.o
                                      0x7fb4c (size before relaxing)
 .debug_str     0x0000000000080ee9      0x324 ./Drivers/STM32F1xx_HAL_Driver/Src/stm32f1xx_hal_gpio.o
                                      0x7f8b1 (size before relaxing)
 .debug_str     0x000000000008120d      0x24f ./Drivers/STM32F1xx_HAL_Driver/Src/stm32f1xx_hal_rcc.o
                                      0x7f8ea (size before relaxing)
 .debug_str     0x000000000008145c      0xdce ./Drivers/STM32F1xx_HAL_Driver/Src/stm32f1xx_hal_tim.o
                                      0x808bc (size before relaxing)
 .debug_str     0x000000000008222a      0x4ee ./Drivers/STM32F1xx_HAL_Driver/Src/stm32f1xx_hal_tim_ex.o
                                      0x8006d (size before relaxing)

.comment        0x0000000000000000       0x53
 .comment       0x0000000000000000       0x53 ./Core/Src/counter.o
                                         0x54 (size before relaxing)
 .comment       0x0000000000000053       0x54 ./Core/Src/display.o
 .comment       0x0000000000000053       0x54 ./Core/Src/display7SEG.o
 .comment       0x0000000000000053       0x54 ./Core/Src/displayLed.o
 .comment       0x0000000000000053       0x54 ./Core/Src/fsm_automatic.o
 .comment       0x0000000000000053       0x54 ./Core/Src/global.o
 .comment       0x0000000000000053       0x54 ./Core/Src/input_reading.o
 .comment       0x0000000000000053       0x54 ./Core/Src/main.o
 .comment       0x0000000000000053       0x54 ./Core/Src/software_timer.o
 .comment       0x0000000000000053       0x54 ./Core/Src/stm32f1xx_hal_msp.o
 .comment       0x0000000000000053       0x54 ./Core/Src/stm32f1xx_it.o
 .comment       0x0000000000000053       0x54 ./Core/Src/system_stm32f1xx.o
 .comment       0x0000000000000053       0x54 ./Drivers/STM32F1xx_HAL_Driver/Src/stm32f1xx_hal.o
 .comment       0x0000000000000053       0x54 ./Drivers/STM32F1xx_HAL_Driver/Src/stm32f1xx_hal_cortex.o
 .comment       0x0000000000000053       0x54 ./Drivers/STM32F1xx_HAL_Driver/Src/stm32f1xx_hal_gpio.o
 .comment       0x0000000000000053       0x54 ./Drivers/STM32F1xx_HAL_Driver/Src/stm32f1xx_hal_rcc.o
 .comment       0x0000000000000053       0x54 ./Drivers/STM32F1xx_HAL_Driver/Src/stm32f1xx_hal_tim.o
 .comment       0x0000000000000053       0x54 ./Drivers/STM32F1xx_HAL_Driver/Src/stm32f1xx_hal_tim_ex.o

.debug_frame    0x0000000000000000     0x2a14
 .debug_frame   0x0000000000000000       0x58 ./Core/Src/counter.o
 .debug_frame   0x0000000000000058       0x30 ./Core/Src/display.o
 .debug_frame   0x0000000000000088       0x88 ./Core/Src/display7SEG.o
 .debug_frame   0x0000000000000110       0xb8 ./Core/Src/displayLed.o
 .debug_frame   0x00000000000001c8       0x48 ./Core/Src/fsm_automatic.o
 .debug_frame   0x0000000000000210      0x140 ./Core/Src/input_reading.o
 .debug_frame   0x0000000000000350       0xd4 ./Core/Src/main.o
 .debug_frame   0x0000000000000424       0xf8 ./Core/Src/software_timer.o
 .debug_frame   0x000000000000051c       0x80 ./Core/Src/stm32f1xx_hal_msp.o
 .debug_frame   0x000000000000059c      0x120 ./Core/Src/stm32f1xx_it.o
 .debug_frame   0x00000000000006bc       0x58 ./Core/Src/system_stm32f1xx.o
 .debug_frame   0x0000000000000714      0x334 ./Drivers/STM32F1xx_HAL_Driver/Src/stm32f1xx_hal.o
 .debug_frame   0x0000000000000a48      0x428 ./Drivers/STM32F1xx_HAL_Driver/Src/stm32f1xx_hal_cortex.o
 .debug_frame   0x0000000000000e70      0x14c ./Drivers/STM32F1xx_HAL_Driver/Src/stm32f1xx_hal_gpio.o
 .debug_frame   0x0000000000000fbc      0x21c ./Drivers/STM32F1xx_HAL_Driver/Src/stm32f1xx_hal_rcc.o
 .debug_frame   0x00000000000011d8     0x11b8 ./Drivers/STM32F1xx_HAL_Driver/Src/stm32f1xx_hal_tim.o
 .debug_frame   0x0000000000002390      0x638 ./Drivers/STM32F1xx_HAL_Driver/Src/stm32f1xx_hal_tim_ex.o
 .debug_frame   0x00000000000029c8       0x2c e:/program files (x86)/stm32cubeide_1.7.0/stm32cubeide/plugins/com.st.stm32cube.ide.mcu.externaltools.gnu-tools-for-stm32.9-2020-q2-update.win32_2.0.0.202105311346/tools/bin/../lib/gcc/arm-none-eabi/9.3.1/../../../../arm-none-eabi/lib/thumb/v7-m/nofp\libc_nano.a(lib_a-init.o)
 .debug_frame   0x00000000000029f4       0x20 e:/program files (x86)/stm32cubeide_1.7.0/stm32cubeide/plugins/com.st.stm32cube.ide.mcu.externaltools.gnu-tools-for-stm32.9-2020-q2-update.win32_2.0.0.202105311346/tools/bin/../lib/gcc/arm-none-eabi/9.3.1/../../../../arm-none-eabi/lib/thumb/v7-m/nofp\libc_nano.a(lib_a-memset.o)
