09:45:48 **** Incremental Build of configuration Debug for project lab_1-ex_10 ****
make -j12 all 
arm-none-eabi-gcc "../Core/Src/main.c" -mcpu=cortex-m3 -std=gnu11 -g3 -DDEBUG -DUSE_HAL_DRIVER -DSTM32F103x6 -c -I../Core/Inc -I../Drivers/STM32F1xx_HAL_Driver/Inc -I../Drivers/STM32F1xx_HAL_Driver/Inc/Legacy -I../Drivers/CMSIS/Device/ST/STM32F1xx/Include -I../Drivers/CMSIS/Include -O0 -ffunction-sections -fdata-sections -Wall -fstack-usage -MMD -MP -MF"Core/Src/main.d" -MT"Core/Src/main.o" --specs=nano.specs -mfloat-abi=soft -mthumb -o "Core/Src/main.o"
arm-none-eabi-gcc -o "lab_1-ex_10.elf" @"objects.list"   -mcpu=cortex-m3 -T"D:\Workspace\VXL\Lab 1\lab_1-ex_10\STM32F103C6UX_FLASH.ld" --specs=nosys.specs -Wl,-Map="lab_1-ex_10.map" -Wl,--gc-sections -static --specs=nano.specs -mfloat-abi=soft -mthumb -Wl,--start-group -lc -lm -Wl,--end-group
Finished building target: lab_1-ex_10.elf
 
arm-none-eabi-size   lab_1-ex_10.elf 
arm-none-eabi-objdump -h -S  lab_1-ex_10.elf  > "lab_1-ex_10.list"
arm-none-eabi-objcopy  -O ihex  lab_1-ex_10.elf  "lab_1-ex_10.hex"
arm-none-eabi-objcopy  -O binary  lab_1-ex_10.elf  "lab_1-ex_10.bin"
   text	   data	    bss	    dec	    hex	filename
   5024	     20	   1572	   6616	   19d8	lab_1-ex_10.elf
Finished building: default.size.stdout
 
Finished building: lab_1-ex_10.hex
Finished building: lab_1-ex_10.bin
Finished building: lab_1-ex_10.list
 
 
 

09:45:50 Build Finished. 0 errors, 0 warnings. (took 1s.298ms)

